// Jest Snapshot v1, https://goo.gl/fbAQLP

exports[`<Button/> should render medium size by default 1`] = `
.c0 {
  color: #FFFFFF;
  background: #458FF6;
  border: 0;
  border-radius: 3.4rem;
  font-size: 2.2rem;
  height: 5rem;
  padding: 0.8rem 5.6rem;
}

.c0:hover {
  background-color: #0545AB;
  -webkit-transition: background-color 0.2s;
  transition: background-color 0.2s;
}

<button
  class="c0"
>
  button
</button>
`;
