// Jest Snapshot v1, https://goo.gl/fbAQLP

exports[`<Button/> should render large size by default 1`] = `
.c0 {
  -webkit-align-items: center;
  -webkit-box-align: center;
  -ms-flex-align: center;
  align-items: center;
  border: 0;
  color: #FFFFFF;
  display: -webkit-inline-box;
  display: -webkit-inline-flex;
  display: -ms-inline-flexbox;
  display: inline-flex;
  -webkit-box-pack: center;
  -webkit-justify-content: center;
  -ms-flex-pack: center;
  justify-content: center;
  -webkit-text-decoration: none;
  text-decoration: none;
  cursor: pointer;
  text-align: center;
  font-family: Mulish;
  font-weight: 700;
  min-height: 5rem;
  font-size: 2.2rem;
  padding: 0.8rem 4.8rem;
  background: #458FF6;
  border-radius: 3.4rem;
}

.c0:hover {
  background-color: #0545AB;
  -webkit-transition: background-color 0.2s;
  transition: background-color 0.2s;
}

<button
  class="c0"
  color="primary"
  radius="round"
>
  button
</button>
`;
